== autostart diag 2026-09-24T00:26:00.611785
letters: {'Windows-SSD': 'C:\\', '': 'D:\\', 'SHARED': 'S:\\', 'SNAPSHOT': 'V:\\', 'WIN_ENGINE': 'X:\\', 'VARIX-ESP': 'Y:\\'}
-- X:\Users --
All Users/  mtime=2026-09-24T00:22:53.380616
Default/  mtime=2026-09-23T23:29:10.327440
Default User/  mtime=2026-07-04T10:16:11.737358
defaultuser0/  mtime=2026-09-23T23:30:55.112014
desktop.ini/  mtime=2024-04-01T15:24:04.058762
Public/  mtime=2026-09-24T00:04:43.682262
Varia/  mtime=2026-09-24T00:14:51.858460
priv SeBackupPrivilege rc=1 gle=0
priv SeRestorePrivilege rc=1 gle=0
load SOFTWARE rc=None
Profile: S-1-5-18 -> %systemroot%\system32\config\systemprofile
Profile: S-1-5-19 -> %systemroot%\ServiceProfiles\LocalService
Profile: S-1-5-20 -> %systemroot%\ServiceProfiles\NetworkService
Profile: S-1-5-21-2367851904-1153058044-109405902-1000 -> C:\Users\defaultuser0
Profile: S-1-5-21-2367851904-1153058044-109405902-1001 -> C:\Users\Varia
unload VXAS rc=5
-- user hive Run keys --
All Users: no hive
Default Run: OneDriveSetup = C:\Windows\System32\OneDriveSetup.exe /thfirstsetup
Default Run: VariableDesktop = "C:\Variable\Variable.exe"
unload VXU_Default rc=5
Default User Run: OneDriveSetup = C:\Windows\System32\OneDriveSetup.exe /thfirstsetup
unload VXU_Default_ rc=5
defaultuser0 Run: OneDriveSetup = C:\Windows\System32\OneDriveSetup.exe /thfirstsetup
defaultuser0 Run: VariableDesktop = "C:\Variable\Variable.exe"
unload VXU_defaultu rc=5
desktop.ini: no hive
Public: no hive
Varia Run: OneDriveSetup = C:\Windows\System32\OneDriveSetup.exe /thfirstsetup
Varia Run: VariableDesktop = "C:\Variable\Variable.exe"
Varia Run: MicrosoftEdgeAutoLaunch_94EC1E2166B1FD9083F8DEDBABDD7EAA = "C:\Program Files (x86)\Microsoft\Edge\Application\msedge.exe" --no-startup-window --win-session-start
unload VXU_Varia rc=5
Variable.exe OK 33850880 mtime=2026-09-22T23:42:03.251828
-- WER (recent) --
ReportQueue: NonCritical_MicrosoftEdgeUpd_7541d642bd65f41c97ab6fa4b649cacddb462f_00000000_06ca1759-8c86  2026-09-24T00:01:05.116981
done
