== bcdedit /enum firmware ==

固件启动管理器
---------------------
标识符                  {fwbootmgr}
displayorder            {bootmgr}
                        {2d55a073-b66a-11f1-ab8d-806e6f6e6963}
                        {2d55a06e-b66a-11f1-ab8d-806e6f6e6963}
                        {2d55a06f-b66a-11f1-ab8d-806e6f6e6963}
                        {2d55a070-b66a-11f1-ab8d-806e6f6e6963}
timeout                 0

Windows 启动管理器
--------------------
标识符                  {bootmgr}
device                  partition=\Device\HarddiskVolume1
path                    \EFI\Microsoft\Boot\bootmgfw.efi
description             Windows Boot Manager
locale                  zh-CN
inherit                 {globalsettings}
default                 {current}
resumeobject            {1b506f88-b66a-11f1-a948-c4c6e62c8a4c}
displayorder            {current}
toolsdisplayorder       {memdiag}
timeout                 3

固件应用程序(101fffff)
-------------------------------
标识符                  {2d55a06e-b66a-11f1-ab8d-806e6f6e6963}
description             EFI USB Device

固件应用程序(101fffff)
-------------------------------
标识符                  {2d55a06f-b66a-11f1-ab8d-806e6f6e6963}
description             EFI DVD/CDROM

固件应用程序(101fffff)
-------------------------------
标识符                  {2d55a070-b66a-11f1-ab8d-806e6f6e6963}
description             EFI Network

固件应用程序(101fffff)
-------------------------------
标识符                  {2d55a071-b66a-11f1-ab8d-806e6f6e6963}
description             EFI PXE 0 for IPv4 (C4-C6-E6-2C-8A-4C) 

固件应用程序(101fffff)
-------------------------------
标识符                  {2d55a072-b66a-11f1-ab8d-806e6f6e6963}
description             EFI PXE 0 for IPv6 (C4-C6-E6-2C-8A-4C) 

固件应用程序(101fffff)
-------------------------------
标识符                  {2d55a073-b66a-11f1-ab8d-806e6f6e6963}
device                  partition=\Device\HarddiskVolume1
path                    \EFI\Microsoft\Boot\bootmgfw.efi
description             Windows Boot Manager

windows-bootmgr present: False
== PhysicalDrive0 GPT ==
primary hdr @LBA1: stored=02ec3e52 calc=02ec3e52 OK
entry array: stored=c4ae8ca4 calc=4953afbe !! MISMATCH !!
backup hdr @LBA1953525167: stored=a17186b0 calc=a17186b0 OK
backup entry array: stored=c4ae8ca4 calc=c4ae8ca4 OK
== PhysicalDrive1 GPT ==
primary hdr @LBA1: stored=b1e551a5 calc=b1e551a5 OK
entry array: stored=55fd9f59 calc=55fd9f59 OK
backup hdr @LBA2000409263: stored=a5ebf101 calc=a5ebf101 OK
backup entry array: stored=55fd9f59 calc=55fd9f59 OK
ELEV-DIAG-DONE
