=== 0xED v6 ===
eng=True
X: mounted
$ reg load HKLM\VXS X:\Windows\System32\config\SYSTEM
  | 操作成功完成。
MountedDevices has 6 values (backing up)
  deleted \DosDevices\C:
  deleted \DosDevices\D:
  deleted \DosDevices\E:
  deleted \DosDevices\F:
  deleted \DosDevices\G:
  deleted \DosDevices\H:
MountedDevices cleared (backup saved)
non-MS Start=0 drivers: 64
  SUSPECT 3ware grp=SCSI miniport img=System32\drivers\3ware.sys
  SUSPECT ADP80XX grp=SCSI Miniport img=System32\drivers\ADP80XX.SYS
  SUSPECT amdsata grp=SCSI miniport img=System32\drivers\amdsata.sys
  SUSPECT amdsbs grp=SCSI miniport img=System32\drivers\amdsbs.sys
  SUSPECT amdwps grp=Core Security Extensions img=System32\drivers\amdwps.sys
  SUSPECT AppleSSD grp=SCSI Miniport img=System32\drivers\AppleSSD.sys
  SUSPECT arcsas grp=SCSI miniport img=System32\drivers\arcsas.sys
  SUSPECT b06bdrv grp=System Bus Extender img=System32\drivers\bxvbda.sys
  SUSPECT bttflt grp=PnP Filter img=System32\drivers\bttflt.sys
  SUSPECT cht4iscsi grp=SCSI Miniport img=System32\drivers\cht4sx64.sys
  SUSPECT ebdrv grp=System Bus Extender img=System32\drivers\evbda.sys
  SUSPECT ebdrv0 grp=System Bus Extender img=System32\drivers\evbd0a.sys
  SUSPECT EhStorClass grp=SCSI Class img=System32\drivers\EhStorClass.sys
  SUSPECT EhStorTcgDrv grp=SCSI Class img=System32\drivers\EhStorTcgDrv.sys
  SUSPECT GenPass grp= img=System32\DriverStore\FileRepository\genpass.inf_amd64_0c82d80c9252c9bd\genpass.sys
  SUSPECT HpSAMD grp=SCSI Miniport img=System32\drivers\HpSAMD.sys
  SUSPECT hwpolicy grp= img=System32\drivers\hwpolicy.sys
  SUSPECT iaStorAVC grp=SCSI miniport img=System32\drivers\iaStorAVC.sys
  SUSPECT iaStorV grp=SCSI Miniport img=System32\drivers\iaStorV.sys
  SUSPECT intelpep grp=Core Security Extensions img=System32\drivers\intelpep.sys
  SUSPECT IntelPMT grp=Core Security Extensions img=System32\drivers\IntelPMT.sys
  SUSPECT ItSas35i grp=SCSI Miniport img=System32\drivers\ItSas35i.sys
  SUSPECT KSecDD grp=Base img=System32\Drivers\ksecdd.sys
  SUSPECT KSecPkg grp=Cryptography img=System32\Drivers\ksecpkg.sys
  SUSPECT LSI_SAS grp=SCSI Miniport img=System32\drivers\lsi_sas.sys
  SUSPECT LSI_SAS2i grp=SCSI Miniport img=System32\drivers\lsi_sas2i.sys
  SUSPECT LSI_SAS3i grp=SCSI Miniport img=System32\drivers\lsi_sas3i.sys
  SUSPECT megasas2i grp=SCSI Miniport img=System32\drivers\MegaSas2i.sys
  SUSPECT megasas35i grp=SCSI Miniport img=System32\drivers\megasas35i.sys
  SUSPECT megasr grp=SCSI Miniport img=System32\drivers\megasr.sys
  SUSPECT mpi3drvi grp=SCSI Miniport img=System32\drivers\mpi3drvi.sys
  SUSPECT MsSecCore grp= img=system32\drivers\msseccore.sys
  SUSPECT mvumis grp=SCSI Miniport img=System32\drivers\mvumis.sys
  SUSPECT nvdimm grp=Primary Disk img=System32\drivers\nvdimm.sys
  SUSPECT nvmedisk grp= img=System32\drivers\nvmedisk.sys
  SUSPECT nvraid grp=System Bus Extender img=System32\drivers\nvraid.sys
  SUSPECT nvstor grp=SCSI Miniport img=System32\drivers\nvstor.sys
  SUSPECT pciide grp=System Bus Extender img=System32\drivers\pciide.sys
  SUSPECT pcmcia grp=System Bus Extender img=System32\drivers\pcmcia.sys
  SUSPECT percsas2i grp=SCSI Miniport img=System32\drivers\percsas2i.sys
  SUSPECT percsas3i grp=SCSI Miniport img=System32\drivers\percsas3i.sys
  SUSPECT pmem grp= img=System32\drivers\pmem.sys
  SUSPECT PRM grp= img=System32\DriverStore\FileRepository\prm.inf_amd64_7c38475757a1f016\PRM.sys
  SUSPECT pvscsi grp=SCSI Miniport img=System32\drivers\pvscsii.sys
  SUSPECT rdyboost grp=PnP Filter img=System32\drivers\rdyboost.sys
  SUSPECT sbp2port grp= img=System32\drivers\sbp2port.sys
  SUSPECT scmbus grp= img=System32\drivers\scmbus.sys
  SUSPECT SiSRaid2 grp=SCSI Miniport img=System32\drivers\SiSRaid2.sys
  SUSPECT SiSRaid4 grp=SCSI Miniport img=System32\drivers\sisraid4.sys
  SUSPECT SmartSAMD grp=SCSI Miniport img=System32\drivers\SmartSAMD.sys
  SUSPECT spaceport grp=System Bus Extender img=System32\drivers\spaceport.sys
  SUSPECT stexstor grp=SCSI Miniport img=System32\drivers\stexstor.sys
  SUSPECT storflt grp=Extended Base img=System32\drivers\vmstorfl.sys
  SUSPECT storufs grp= img=System32\drivers\storufs.sys
  SUSPECT storvsc grp=Base img=System32\drivers\storvsc.sys
  SUSPECT volmgrx grp=System Bus Extender img=System32\drivers\volmgrx.sys
  SUSPECT vpci grp=System Bus Extender img=System32\drivers\vpci.sys
  SUSPECT vsmraid grp=SCSI Miniport img=System32\drivers\vsmraid.sys
  SUSPECT VSTXRAID grp=SCSI Miniport img=System32\drivers\vstxraid.sys
  SUSPECT WdBoot grp=Early-Launch img=system32\drivers\WdBoot.sys
  SUSPECT WdFilter grp=FSFilter Anti-Virus img=system32\drivers\WdFilter.sys
  SUSPECT WindowsTrustedRT grp=Core Security Extensions img=system32\drivers\WindowsTrustedRT.sys
  SUSPECT WindowsTrustedRTProxy grp=Core Security Extensions img=System32\drivers\WindowsTrustedRTProxy.sys
  SUSPECT Wof grp=FSFilter Compression img=
verify: MountedDevices now has 0 values
$ reg unload HKLM\VXS
  | 操作成功完成。
=== fix done v6 ===
