=== vx-fix-0xed v2 ===
vol label='Windows-SSD'
vol label=''
vol label='WinRE_DRV'
vol label='VARIX_SYS'
vol label='WIN_ENGINE'
vol label='SHARED'
vol label='SNAPSHOT'
vol label=''
vol label='VARIX-ESP'
eng=True esp=True
X: mounted
$ chkdsk X: /f
  | 文件系统的类型是 NTFS。
  | 卷标是 WIN_ENGINE。
  | 阶段 1: 检查基本文件系统结构...
  | 进度: 已完成 0 (共 140544)；阶段:  0%；总计:  0%；ETA:   0:06:47
  | 进度: 已完成 29519 (共 140544)；阶段: 21%；总计:  7%；ETA:   0:06:19 .
  | 进度: 已完成 70403 (共 140544)；阶段: 50%；总计: 18%；ETA:   0:05:31 ..
  | 进度: 已完成 120065 (共 140544)；阶段: 85%；总计: 30%；ETA:   0:00:03 ...
  | 进度: 已完成 140544 (共 140544)；阶段: 100%；总计: 35%；ETA:   0:00:03
  | 已处理 140544 个文件记录。
  | 文件验证完成。
  | 阶段持续时间 (文件记录验证): 1.35 秒。
  | 进度: 已完成 3999 (共 3999)；阶段: 100%；总计: 21%；ETA:   0:00:04 .
  | 已处理 3999 个大型文件记录。
  | 阶段持续时间 (孤立文件记录恢复): 1.40 毫秒。
  | 进度: 已完成 0 (共 0)；阶段: 99%；总计: 21%；ETA:   0:00:04 ..
  | 已处理 0 个错误的文件记录。
  | 阶段持续时间 (文件记录检查错误): 0.02 毫秒。
  | 阶段 2: 检查文件名链接...
  | 进度: 已完成 74197 (共 209444)；阶段: 35%；总计: 32%；ETA:   0:00:04 ...
  | 进度: 已完成 8 (共 8)；阶段: 100%；总计: 42%；ETA:   0:00:03
  | 已处理 8 个重新解析记录。
  | 进度: 已完成 140997 (共 209444)；阶段: 67%；总计: 43%；ETA:   0:00:03 .
  | 进度: 已完成 142710 (共 209444)；阶段: 68%；总计: 45%；ETA:   0:00:03 ..
  | 进度: 已完成 143574 (共 209444)；阶段: 68%；总计: 46%；ETA:   0:00:03 ...
  | 进度: 已完成 144790 (共 209444)；阶段: 69%；总计: 47%；ETA:   0:00:03
  | 进度: 已完成 145165 (共 209444)；阶段: 69%；总计: 50%；ETA:   0:00:03 .
  | 进度: 已完成 145471 (共 209444)；阶段: 69%；总计: 51%；ETA:   0:00:03 ..
  | 进度: 已完成 145836 (共 209444)；阶段: 69%；总计: 51%；ETA:   0:00:04 ...
  | 进度: 已完成 146185 (共 209444)；阶段: 69%；总计: 52%；ETA:   0:00:04
  | 进度: 已完成 146562 (共 209444)；阶段: 69%；总计: 53%；ETA:   0:00:04 .
  | 进度: 已完成 147010 (共 209444)；阶段: 70%；总计: 53%；ETA:   0:00:04 ..
  | 进度: 已完成 147388 (共 209444)；阶段: 70%；总计: 54%；ETA:   0:00:04 ...
  | 进度: 已完成 148094 (共 209444)；阶段: 70%；总计: 54%；ETA:   0:00:04
  | 进度: 已完成 148634 (共 209444)；阶段: 70%；总计: 55%；ETA:   0:00:06 .
  | 进度: 已完成 149331 (共 209444)；阶段: 71%；总计: 61%；ETA:   0:00:06 ..
  | 进度: 已完成 150947 (共 209444)；阶段: 72%；总计: 62%；ETA:   0:00:06 ...
  | 进度: 已完成 152607 (共 209444)；阶段: 72%；总计: 63%；ETA:   0:00:06
  | 进度: 已完成 154484 (共 209444)；阶段: 73%；总计: 64%；ETA:   0:00:06 .
  | 进度: 已完成 156570 (共 209444)；阶段: 74%；总计: 64%；ETA:   0:00:06 ..
  | 进度: 已完成 158322 (共 209444)；阶段: 75%；总计: 65%；ETA:   0:00:06 ...
  | 进度: 已完成 160023 (共 209444)；阶段: 76%；总计: 66%；ETA:   0:00:06
  | 进度: 已完成 161703 (共 209444)；阶段: 77%；总计: 67%；ETA:   0:00:06 .
  | 进度: 已完成 163882 (共 209444)；阶段: 78%；总计: 68%；ETA:   0:00:06 ..
  | 进度: 已完成 166442 (共 209444)；阶段: 79%；总计: 72%；ETA:   0:00:06 ...
  | 进度: 已完成 166446 (共 209444)；阶段: 79%；总计: 78%；ETA:   0:00:06
  | 进度: 已完成 169725 (共 209444)；阶段: 81%；总计: 78%；ETA:   0:00:04 .
  | 进度: 已完成 172524 (共 209444)；阶段: 82%；总计: 79%；ETA:   0:00:04 ..
  | 进度: 已完成 209444 (共 209444)；阶段: 100%；总计: 80%；ETA:   0:00:04 ...
  | 已处理 209444 个索引项。
  | 索引验证完成。
  | 阶段持续时间 (索引验证): 13.81 秒。
  | 进度: 已完成 0 (共 0)；阶段: 99%；总计: 80%；ETA:   0:00:04
  | 已扫描到 0 个未索引文件。
  | 阶段持续时间 (孤立文件重新连接): 83.13 毫秒。
  | 进度: 已完成 0 (共 0)；阶段: 99%；总计: 80%；ETA:   0:00:04 .
  | 已将 0 个未编制索引的文件恢复到回收箱。
  | 阶段持续时间 (孤立文件恢复到回收箱): 1.20 毫秒。
  | 进度: 已完成 8 (共 8)；阶段: 100%；总计: 80%；ETA:   0:00:04 ..
  | 已处理 8 个重新解析记录。
  | 阶段持续时间 (重分析点和对象 ID 验证): 0.44 毫秒。
  | 阶段 3: 检查安全描述符...
  | 安全描述符验证完成。
  | 阶段持续时间 (安全描述符验证): 61.56 毫秒。
  | 进度: 已完成 4 (共 4)；阶段: 100%；总计: 99%；ETA:   0:00:00 ...
  | 已处理 34451 个数据文件。
  | 阶段持续时间 (数据属性验证): 0.09 毫秒。
  | CHKDSK 正在验证 Usn 日志...
  | 进度: 已完成 775 (共 775)；阶段: 100%；总计: 96%；ETA:   0:00:00
  | 已处理 6354376 个 USN 字节。
  | Usn 日志验证完成。
  | 阶段持续时间 (USN 日志验证): 48.38 毫秒。
  | Windows 已扫描文件系统并且没有发现问题。
  | 无需采取进一步操作。
  | 总共有  314572799 KB 磁盘空间。
  | 101850 个文件中有   20508312 KB。
  | 34452 个索引      86648 KB。
  | 坏扇区          0 KB。
  | 系统正在使用     224663 KB。
  | 日志文件占用了      65536 KB。
  | 磁盘上  293753176 KB 可用。
  | 每个分配单元中有       4096 字节。
  | 磁盘上共有   78643199 个分配单元。
  | 磁盘上有   73438294 个可用的分配单元。
  | 总持续时间: 15.53 秒 (15533 毫秒)。
chkdsk rc=0
Y: mounted (ESP)
$ bcdedit /store Y:\EFI\Microsoft\Boot\BCD /set {default} recoveryenabled No
  | 操作成功完成。
$ bcdedit /store Y:\EFI\Microsoft\Boot\BCD /set {default} bootstatuspolicy IgnoreAllFailures
  | 操作成功完成。
$ bcdedit /store Y:\EFI\Microsoft\Boot\BCD /enum {default}
  | Windows 启动加载器
  | -------------------
  | 标识符                  {default}
  | device                  partition=X:
  | path                    \Windows\system32\winload.efi
  | description             Windows 11
  | locale                  en-us
  | inherit                 {bootloadersettings}
  | recoverysequence        {03e8a6a4-b6c1-11f1-8f1d-c035321b0fae}
  | recoveryenabled         No
  | isolatedcontext         Yes
  | allowedinmemorysettings 0x15000075
  | osdevice                partition=X:
  | systemroot              \Windows
  | resumeobject            {a8897e9e-b5ed-11f1-ab88-c4c6e62c8a4c}
  | nx                      OptIn
  | bootmenupolicy          Standard
  | bootstatuspolicy        IgnoreAllFailures
=== fix done ===
