pe_lba=2 n=128 size=128 backup_pe_lba=1953525135
entry 0 same: type=28732ac11ff8d211ba4b00a0c93ec93b first=2048 last=534527
entry 1 same: type=16e3c9e35c0bb84d817df92df00215ae first=534528 last=567295
entry 2 same: type=a2a0d0ebe5b9334487c068b6b72699c7 first=567296 last=629712895
entry 3 same: type=a2a0d0ebe5b9334487c068b6b72699c7 first=629712896 last=1949429759
entry 4 same: type=a4bb94ded106404da16abfd50179d6ac first=1949429760 last=1953525134
--- entry 56 DIFFERS ---
primary : typeGUID=009e3cda7816b452f08e2cca6806a442 partGUID=e07e1cba58f69432d06e0caa48e68422 first=1329923328587882176 last=172480563178655408 attr=17461781871478980256
backup  : typeGUID=00000000000000000000000000000000 partGUID=00000000000000000000000000000000 first=0 last=0 attr=0
--- entry 57 DIFFERS ---
primary : typeGUID=009e3cda7816b452f08e2cca6806a442 partGUID=e07e1cba58f69432d06e0caa48e68422 first=1329923328587882176 last=172480563178655408 attr=17461781871478980256
backup  : typeGUID=00000000000000000000000000000000 partGUID=00000000000000000000000000000000 first=0 last=0 attr=0
--- entry 58 DIFFERS ---
primary : typeGUID=009e3cda7816b452f08e2cca6806a442 partGUID=e07e1cba58f69432d06e0caa48e68422 first=1329923328587882176 last=172480563178655408 attr=17461781871478980256
backup  : typeGUID=00000000000000000000000000000000 partGUID=00000000000000000000000000000000 first=0 last=0 attr=0
--- entry 59 DIFFERS ---
primary : typeGUID=009e3cda7816b452f08e2cca6806a442 partGUID=e07e1cba58f69432d06e0caa48e68422 first=1329923328587882176 last=172480563178655408 attr=17461781871478980256
backup  : typeGUID=00000000000000000000000000000000 partGUID=00000000000000000000000000000000 first=0 last=0 attr=0
--- entry 60 DIFFERS ---
primary : typeGUID=009e3cda7816b452f08e2cca6806a442 partGUID=e07e1cba58f69432d06e0caa48e68422 first=1329923328587882176 last=172480563178655408 attr=17461781871478980256
backup  : typeGUID=00000000000000000000000000000000 partGUID=00000000000000000000000000000000 first=0 last=0 attr=0
--- entry 61 DIFFERS ---
primary : typeGUID=009e3cda7816b452f08e2cca6806a442 partGUID=e07e1cba58f69432d06e0caa48e68422 first=1329923328587882176 last=172480563178655408 attr=17461781871478980256
backup  : typeGUID=00000000000000000000000000000000 partGUID=00000000000000000000000000000000 first=0 last=0 attr=0
--- entry 62 DIFFERS ---
primary : typeGUID=009e3cda7816b452f08e2cca6806a442 partGUID=e07e1cba58f69432d06e0caa48e68422 first=1329923328587882176 last=172480563178655408 attr=17461781871478980256
backup  : typeGUID=00000000000000000000000000000000 partGUID=00000000000000000000000000000000 first=0 last=0 attr=0
--- entry 63 DIFFERS ---
primary : typeGUID=009e3cda7816b452f08e2cca6806a442 partGUID=e07e1cba58f69432d06e0caa48e68422 first=1329923328587882176 last=172480563178655408 attr=17461781871478980256
backup  : typeGUID=00000000000000000000000000000000 partGUID=00000000000000000000000000000000 first=0 last=0 attr=0
--- entry 64 DIFFERS ---
primary : typeGUID=009e3cda7816b452f08e2cca6806a442 partGUID=e07e1cba58f69432d06e0caa48e68422 first=1329923328587882176 last=172480563178655408 attr=17461781871478980256
backup  : typeGUID=00000000000000000000000000000000 partGUID=00000000000000000000000000000000 first=0 last=0 attr=0
--- entry 65 DIFFERS ---
primary : typeGUID=009e3cda7816b452f08e2cca6806a442 partGUID=e07e1cba58f69432d06e0caa48e68422 first=1329923328587882176 last=172480563178655408 attr=17461781871478980256
backup  : typeGUID=00000000000000000000000000000000 partGUID=00000000000000000000000000000000 first=0 last=0 attr=0
--- entry 66 DIFFERS ---
primary : typeGUID=009e3cda7816b452f08e2cca6806a442 partGUID=e07e1cba58f69432d06e0caa48e68422 first=1329923328587882176 last=172480563178655408 attr=17461781871478980256
backup  : typeGUID=00000000000000000000000000000000 partGUID=00000000000000000000000000000000 first=0 last=0 attr=0
--- entry 67 DIFFERS ---
primary : typeGUID=009e3cda7816b452f08e2cca6806a442 partGUID=e07e1cba58f69432d06e0caa48e68422 first=1329923328587882176 last=172480563178655408 attr=17461781871478980256
backup  : typeGUID=00000000000000000000000000000000 partGUID=00000000000000000000000000000000 first=0 last=0 attr=0
--- entry 68 DIFFERS ---
primary : typeGUID=009e3cda7816b452f08e2cca6806a442 partGUID=e07e1cba58f69432d06e0caa48e68422 first=1329923328587882176 last=172480563178655408 attr=17461781871478980256
backup  : typeGUID=00000000000000000000000000000000 partGUID=00000000000000000000000000000000 first=0 last=0 attr=0
--- entry 69 DIFFERS ---
primary : typeGUID=009e3cda7816b452f08e2cca6806a442 partGUID=e07e1cba58f69432d06e0caa48e68422 first=1329923328587882176 last=172480563178655408 attr=17461781871478980256
backup  : typeGUID=00000000000000000000000000000000 partGUID=00000000000000000000000000000000 first=0 last=0 attr=0
--- entry 70 DIFFERS ---
primary : typeGUID=009e3cda7816b452f08e2cca6806a442 partGUID=e07e1cba58f69432d06e0caa48e68422 first=1329923328587882176 last=172480563178655408 attr=17461781871478980256
backup  : typeGUID=00000000000000000000000000000000 partGUID=00000000000000000000000000000000 first=0 last=0 attr=0
--- entry 71 DIFFERS ---
primary : typeGUID=009e3cda7816b452f08e2cca6806a442 partGUID=e07e1cba58f69432d06e0caa48e68422 first=1329923328587882176 last=172480563178655408 attr=17461781871478980256
backup  : typeGUID=00000000000000000000000000000000 partGUID=00000000000000000000000000000000 first=0 last=0 attr=0
--- entry 72 DIFFERS ---
primary : typeGUID=009e3cda7816b452f08e2cca6806a442 partGUID=e07e1cba58f69432d06e0caa48e68422 first=1329923328587882176 last=172480563178655408 attr=17461781871478980256
backup  : typeGUID=00000000000000000000000000000000 partGUID=00000000000000000000000000000000 first=0 last=0 attr=0
--- entry 73 DIFFERS ---
primary : typeGUID=009e3cda7816b452f08e2cca6806a442 partGUID=e07e1cba58f69432d06e0caa48e68422 first=1329923328587882176 last=172480563178655408 attr=17461781871478980256
backup  : typeGUID=00000000000000000000000000000000 partGUID=00000000000000000000000000000000 first=0 last=0 attr=0
--- entry 74 DIFFERS ---
primary : typeGUID=009e3cda7816b452f08e2cca6806a442 partGUID=e07e1cba58f69432d06e0caa48e68422 first=1329923328587882176 last=172480563178655408 attr=17461781871478980256
backup  : typeGUID=00000000000000000000000000000000 partGUID=00000000000000000000000000000000 first=0 last=0 attr=0
--- entry 75 DIFFERS ---
primary : typeGUID=009e3cda7816b452f08e2cca6806a442 partGUID=e07e1cba58f69432d06e0caa48e68422 first=1329923328587882176 last=172480563178655408 attr=17461781871478980256
backup  : typeGUID=00000000000000000000000000000000 partGUID=00000000000000000000000000000000 first=0 last=0 attr=0
--- entry 76 DIFFERS ---
primary : typeGUID=009e3cda7816b452f08e2cca6806a442 partGUID=e07e1cba58f69432d06e0caa48e68422 first=1329923328587882176 last=172480563178655408 attr=17461781871478980256
backup  : typeGUID=00000000000000000000000000000000 partGUID=00000000000000000000000000000000 first=0 last=0 attr=0
--- entry 77 DIFFERS ---
primary : typeGUID=009e3cda7816b452f08e2cca6806a442 partGUID=e07e1cba58f69432d06e0caa48e68422 first=1329923328587882176 last=172480563178655408 attr=17461781871478980256
backup  : typeGUID=00000000000000000000000000000000 partGUID=00000000000000000000000000000000 first=0 last=0 attr=0
--- entry 78 DIFFERS ---
primary : typeGUID=009e3cda7816b452f08e2cca6806a442 partGUID=e07e1cba58f69432d06e0caa48e68422 first=1329923328587882176 last=172480563178655408 attr=17461781871478980256
backup  : typeGUID=00000000000000000000000000000000 partGUID=00000000000000000000000000000000 first=0 last=0 attr=0
--- entry 79 DIFFERS ---
primary : typeGUID=009e3cda7816b452f08e2cca6806a442 partGUID=e07e1cba58f69432d06e0caa48e68422 first=1329923328587882176 last=172480563178655408 attr=17461781871478980256
backup  : typeGUID=00000000000000000000000000000000 partGUID=00000000000000000000000000000000 first=0 last=0 attr=0
--- entry 80 DIFFERS ---
primary : typeGUID=009e3cda7816b452f08e2cca6806a442 partGUID=e07e1cba58f69432d06e0caa48e68422 first=1329923328587882176 last=172480563178655408 attr=17461781871478980256
backup  : typeGUID=00000000000000000000000000000000 partGUID=00000000000000000000000000000000 first=0 last=0 attr=0
--- entry 81 DIFFERS ---
primary : typeGUID=009e3cda7816b452f08e2cca6806a442 partGUID=e07e1cba58f69432d06e0caa48e68422 first=1329923328587882176 last=172480563178655408 attr=17461781871478980256
backup  : typeGUID=00000000000000000000000000000000 partGUID=00000000000000000000000000000000 first=0 last=0 attr=0
--- entry 82 DIFFERS ---
primary : typeGUID=009e3cda7816b452f08e2cca6806a442 partGUID=e07e1cba58f69432d06e0caa48e68422 first=1329923328587882176 last=172480563178655408 attr=17461781871478980256
backup  : typeGUID=00000000000000000000000000000000 partGUID=00000000000000000000000000000000 first=0 last=0 attr=0
--- entry 83 DIFFERS ---
primary : typeGUID=009e3cda7816b452f08e2cca6806a442 partGUID=e07e1cba58f69432d06e0caa48e68422 first=1329923328587882176 last=172480563178655408 attr=17461781871478980256
backup  : typeGUID=00000000000000000000000000000000 partGUID=00000000000000000000000000000000 first=0 last=0 attr=0
--- entry 84 DIFFERS ---
primary : typeGUID=009e3cda7816b452f08e2cca6806a442 partGUID=e07e1cba58f69432d06e0caa48e68422 first=1329923328587882176 last=172480563178655408 attr=17461781871478980256
backup  : typeGUID=00000000000000000000000000000000 partGUID=00000000000000000000000000000000 first=0 last=0 attr=0
--- entry 85 DIFFERS ---
primary : typeGUID=009e3cda7816b452f08e2cca6806a442 partGUID=e07e1cba58f69432d06e0caa48e68422 first=1329923328587882176 last=172480563178655408 attr=17461781871478980256
backup  : typeGUID=00000000000000000000000000000000 partGUID=00000000000000000000000000000000 first=0 last=0 attr=0
--- entry 86 DIFFERS ---
primary : typeGUID=009e3cda7816b452f08e2cca6806a442 partGUID=e07e1cba58f69432d06e0caa48e68422 first=1329923328587882176 last=172480563178655408 attr=17461781871478980256
backup  : typeGUID=00000000000000000000000000000000 partGUID=00000000000000000000000000000000 first=0 last=0 attr=0
--- entry 87 DIFFERS ---
primary : typeGUID=009e3cda7816b452f08e2cca6806a442 partGUID=e07e1cba58f69432d06e0caa48e68422 first=1329923328587882176 last=172480563178655408 attr=17461781871478980256
backup  : typeGUID=00000000000000000000000000000000 partGUID=00000000000000000000000000000000 first=0 last=0 attr=0
--- entry 120 DIFFERS ---
primary : typeGUID=c25cfe18bad47690324cee08aac46680 partGUID=22bcde789a3456f012acce688a2446e0 first=15039231071105227778 last=13881788305696001138 attr=3501114243067870306
backup  : typeGUID=00000000000000000000000000000000 partGUID=00000000000000000000000000000000 first=0 last=0 attr=0
--- entry 121 DIFFERS ---
primary : typeGUID=c25cfe18bad47690324cee08aac46680 partGUID=22bcde789a3456f012acce688a2446e0 first=15039231071105227778 last=13881788305696001138 attr=3501114243067870306
backup  : typeGUID=00000000000000000000000000000000 partGUID=00000000000000000000000000000000 first=0 last=0 attr=0
--- entry 122 DIFFERS ---
primary : typeGUID=c25cfe18bad47690324cee08aac46680 partGUID=22bcde789a3456f012acce688a2446e0 first=15039231071105227778 last=13881788305696001138 attr=3501114243067870306
backup  : typeGUID=00000000000000000000000000000000 partGUID=00000000000000000000000000000000 first=0 last=0 attr=0
--- entry 123 DIFFERS ---
primary : typeGUID=c25cfe18bad47690324cee08aac46680 partGUID=22bcde789a3456f012acce688a2446e0 first=15039231071105227778 last=13881788305696001138 attr=3501114243067870306
backup  : typeGUID=00000000000000000000000000000000 partGUID=00000000000000000000000000000000 first=0 last=0 attr=0
--- entry 124 DIFFERS ---
primary : typeGUID=c25cfe18bad47690324cee08aac46680 partGUID=22bcde789a3456f012acce688a2446e0 first=15039231071105227778 last=13881788305696001138 attr=3501114243067870306
backup  : typeGUID=00000000000000000000000000000000 partGUID=00000000000000000000000000000000 first=0 last=0 attr=0
--- entry 125 DIFFERS ---
primary : typeGUID=c25cfe18bad47690324cee08aac46680 partGUID=22bcde789a3456f012acce688a2446e0 first=15039231071105227778 last=13881788305696001138 attr=3501114243067870306
backup  : typeGUID=00000000000000000000000000000000 partGUID=00000000000000000000000000000000 first=0 last=0 attr=0
--- entry 126 DIFFERS ---
primary : typeGUID=c25cfe18bad47690324cee08aac46680 partGUID=22bcde789a3456f012acce688a2446e0 first=15039231071105227778 last=13881788305696001138 attr=3501114243067870306
backup  : typeGUID=00000000000000000000000000000000 partGUID=00000000000000000000000000000000 first=0 last=0 attr=0
--- entry 127 DIFFERS ---
primary : typeGUID=c25cfe18bad47690324cee08aac46680 partGUID=22bcde789a3456f012acce688a2446e0 first=15039231071105227778 last=13881788305696001138 attr=3501114243067870306
backup  : typeGUID=00000000000000000000000000000000 partGUID=00000000000000000000000000000000 first=0 last=0 attr=0
hdr primary pe_lba=2 alt=1953525167
hdr backup  pe_lba=1953525135 alt=1
GPT-DIFF-DONE
