X: mounted
VARIX_SYS -> V:
SNAPSHOT -> N:
SHARED -> S:
load SOFTWARE rc=0 
  | HKEY_LOCAL_MACHINE\VXSOFT\Microsoft\Windows NT\CurrentVersion\ProfileList
  | Default    REG_EXPAND_SZ    %SystemDrive%\Users\Default
  | ProfilesDirectory    REG_EXPAND_SZ    %SystemDrive%\Users
  | ProgramData    REG_EXPAND_SZ    %SystemDrive%\ProgramData
  | Public    REG_EXPAND_SZ    %SystemDrive%\Users\Public
  | HKEY_LOCAL_MACHINE\VXSOFT\Microsoft\Windows NT\CurrentVersion\ProfileList\S-1-5-18
  | Flags    REG_DWORD    0xc
  | ProfileImagePath    REG_EXPAND_SZ    %systemroot%\system32\config\systemprofile
  | RefCount    REG_DWORD    0x1
  | Sid    REG_BINARY    010100000000000512000000
  | State    REG_DWORD    0x0
  | HKEY_LOCAL_MACHINE\VXSOFT\Microsoft\Windows NT\CurrentVersion\ProfileList\S-1-5-19
  | Flags    REG_DWORD    0x0
  | ProfileImagePath    REG_EXPAND_SZ    %systemroot%\ServiceProfiles\LocalService
  | State    REG_DWORD    0x0
  | HKEY_LOCAL_MACHINE\VXSOFT\Microsoft\Windows NT\CurrentVersion\ProfileList\S-1-5-20
  | Flags    REG_DWORD    0x0
  | ProfileImagePath    REG_EXPAND_SZ    %systemroot%\ServiceProfiles\NetworkService
  | State    REG_DWORD    0x0
  | HKEY_LOCAL_MACHINE\VXSOFT\Microsoft\Windows NT\CurrentVersion\ProfileList\S-1-5-21-2367851904-1153058044-109405902-1000
  | ProfileImagePath    REG_EXPAND_SZ    C:\Users\defaultuser0
  | Flags    REG_DWORD    0x0
  | FullProfile    REG_DWORD    0x1
  | State    REG_DWORD    0x0
  | Sid    REG_BINARY    010500000000000515000000808D228DFC44BA44CE668506E8030000
  | LocalProfileLoadTimeLow    REG_DWORD    0xd67fef0
  | LocalProfileLoadTimeHigh    REG_DWORD    0x1dd4b6f
  | ProfileAttemptedProfileDownloadTimeLow    REG_DWORD    0x0
  | ProfileAttemptedProfileDownloadTimeHigh    REG_DWORD    0x0
  | ProfileLoadTimeLow    REG_DWORD    0x0
  | ProfileLoadTimeHigh    REG_DWORD    0x0
  | LocalProfileUnloadTimeLow    REG_DWORD    0x9624c911
  | LocalProfileUnloadTimeHigh    REG_DWORD    0x1dd4b6f
  | RunLogonScriptSync    REG_DWORD    0x0
=== profdir done ===
