== post-login forensics 2026-09-23T23:41:42.963096
VOL \\?\Volume{1fc424c6-f937-4970-9636-a705a8575c30}\ label=Windows-SSD fs=NTFS
VOL \\?\Volume{52483f04-9785-457a-9352-40c34d71f5b1}\ label= fs=NTFS
VOL \\?\Volume{b7476afa-d19c-4298-8d74-d83f32a2951a}\ label=WinRE_DRV fs=NTFS
VOL \\?\Volume{402b696c-7a95-4283-99c3-9fa06fd8c84d}\ label=VARIX_SYS fs=NTFS
VOL \\?\Volume{b76d4dcf-0c7c-4de0-88bb-bfeec7f0e76e}\ label=WIN_ENGINE fs=NTFS
VOL \\?\Volume{7701c3d4-2e4b-4f2f-81c3-3ebd6a97a896}\ label=SHARED fs=exFAT
VOL \\?\Volume{13aa4423-d7dd-4019-8265-2bc75012c1c0}\ label=SNAPSHOT fs=NTFS
VOL \\?\Volume{425214ee-257c-4aec-b69c-40178a4e847b}\ label= fs=FAT
VOL \\?\Volume{636786cb-e967-49f6-b0df-7608909d1f11}\ label=VARIX-ESP fs=FAT32
letters: {'Windows-SSD': 'C:\\', '': 'D:\\', 'SHARED': 'S:\\', 'SNAPSHOT': 'V:\\', 'WIN_ENGINE': 'X:\\', 'VARIX-ESP': 'Y:\\'}
X=X:\ Y=S:\
-- winevt mtimes --
System.evtx mtime=2026-09-23T23:35:02.222560 (6 min ago)
Application.evtx mtime=2026-09-23T23:35:02.222560 (6 min ago)
Microsoft-Windows-Kernel-Boot%4Operational.evtx mtime=2026-09-23T23:35:02.238472 (6 min ago)
-- WER reports --
ReportQueue: NonCritical_MicrosoftEdgeUpd_7541d642bd65f41c97ab6fa4b649cacddb462f_00000000_06ca1759-8c86-4738-a51e-59b7a406d742  2026-09-23T23:34:27.978280
-- dumps --
X:\Windows\Minidump N/A
-- defaultuser0 hive Run --
hive exists: True
EXC Traceback (most recent call last):
  File "D:\2\14\-Un-Real-0d23d9ux-Engine-main\_attic\vx-postlogin.py", line 138, in <module>
    r = winreg.LoadKey(winreg.HKEY_LOCAL_MACHINE, "VXPOST", hive)
OSError: [WinError 1314] 客户端没有所需的特权。

done
